// Jest Snapshot v1, https://goo.gl/fbAQLP

exports[`Pruebas en PrimeraApp Pruebas en <PrimeraApp /> debe de mostrar <PrimeraApp /> correctamente 1`] = `
<Fragment>
  <h1>
     
    Hola, Soy Goku
  </h1>
  <p>
    Mi primera aplicaci√≥n
  </p>
</Fragment>
`;
